<?xml version="1.0" encoding="utf-8"?><testsuites><testsuite errors="0" failures="0" hostname="gregor.local" name="pytest" skipped="0" tests="0" time="0.213" timestamp="2020-04-24T09:47:47.541656"></testsuite></testsuites>
